---
source: tests/generate_json.rs
expression: output

---
STDERR:

STDOUT:

[
{"module":"package_lib_target","path":"/Users/grayson/code/contrib/cargo-modules/tests/projects/virtual_workspace_single_package_lib_target/package_lib_target/src/lib.rs","kind":"crate","visibility":"pub","attributes":[]}
]

