---
source: tests/generate_json.rs
expression: output

---
STDERR:

STDOUT:

[
{"module":"package_multi_target","path":"/Users/grayson/code/contrib/cargo-modules/tests/projects/virtual_workspace_single_package_multi_target/package_multi_target/src/main.rs","kind":"crate","visibility":"pub","attributes":[]}
]

